一、字符编码

Unicode字符集应运而生。Unicode把所有语言都统一到一套编码里，这样就不会再有乱码问题了。

Unicode标准也在不断发展，但最常用的是UCS-16编码，用两个字节表示一个字符（如果要用到非常偏僻的字符，就需要4个字节）。现代操作系统和大多数编程语言都直接支持Unicode。

现在，捋一捋ASCII编码和Unicode编码的区别：ASCII编码是1个字节，而Unicode编码通常是2个字节。
字母A用ASCII编码是十进制的65，二进制的01000001；
字符0用ASCII编码是十进制的48，二进制的00110000，注意字符'0'和整数0是不同的；
汉字中已经超出了ASCII编码的范围，用Unicode编码是十进制的20013，二进制的01001110 00101101。
你可以猜测，如果把ASCII编码的A用Unicode编码，只需要在前面补0就可以，因此，A的Unicode编码是00000000 01000001。

新的问题又出现了：如果统一成Unicode编码，乱码问题从此消失了。但是，如果你写的文本基本上全部是英文的话，用Unicode编码比ASCII编码需要多一倍的存储空间，在存储和传输上就十分不划算。

本着节约的精神，又出现了把Unicode编码转化为“可变长编码”的UTF-8编码。UTF-8编码把一个Unicode字符根据不同的数字大小编码成1-6个字节，常用的英文字母被编码成1个字节，汉字通常是3个字节，只有很生僻的
字符才会被编码成4-6个字节。如果你要传输的文本包含大量英文字符，用UTF-8编码就能节省空间。

UTF-8编码有一个额外的好处，就是ASCII编码实际上可以被看成是UTF-8编码的一部分，所以，大量只支持ASCII编码的历史遗留软件可以在UTF-8编码下继续工作。

搞清楚了ASCII、Unicode和UTF-8的关系，我们就可以总结一下现在计算机系统通用的字符编码工作方式：
在计算机内存中，统一使用Unicode编码，当需要保存到硬盘或者需要传输的时候，就转换为UTF-8编码。
用记事本编辑的时候，从文件读取的UTF-8字符被转换为Unicode字符到内存里，编辑完成后，保存的时候再把Unicode转换为UTF-8保存到文件。

二、Python的字符串

对于单个字符的编码，Python提供了ord()函数获取字符的整数表示，chr()函数把编码转换为对应的字符：
>>> ord('A')
65
>>> ord('中')
20013
>>> chr(66)
'B'
>>> chr(25991)
'文'

如果知道字符的整数编码，还可以用十六进制这么写str：
>>> '\u4e2d\u6587'
'中文'

Python对bytes类型的数据用带b前缀的单引号或双引号表示：
x = b'ABC'

以Unicode表示的str通过encode()方法可以编码为指定的bytes，例如：
>>> 'ABC'.encode('ascii')
b'ABC'
>>> '中文'.encode('utf-8')
b'\xe4\xb8\xad\xe6\x96\x87'
>>> '中文'.encode('ascii')
Traceback (most recent call last):
  File "<stdin>", line 1, in <module>
UnicodeEncodeError: 'ascii' codec can't encode characters in position 0-1: ordinal not in range(128)

纯英文的str可以用ASCII编码为bytes，内容是一样的，含有中文的str可以用UTF-8编码为bytes。含有中文的str无法用ASCII编码，因为中文编码的范围超过了ASCII编码的范围，Python会报错。

如果bytes中包含无法解码的字节，decode()方法会报错：
>>> b'\xe4\xb8\xad\xff'.decode('utf-8')
Traceback (most recent call last):
  ...
UnicodeDecodeError: 'utf-8' codec can't decode byte 0xff in position 3: invalid start byte
如果bytes中只有一小部分无效的字节，可以传入errors='ignore'忽略错误的字节：
>>> b'\xe4\xb8\xad\xff'.decode('utf-8', errors='ignore')
'中'

len()函数计算的是str的字符数，如果换成bytes，len()函数就计算字节数：
>>> len(b'ABC')
3
>>> len(b'\xe4\xb8\xad\xe6\x96\x87')
6
>>> len('中文'.encode('utf-8'))
6

当Python解释器读取源代码时，为了让它按UTF-8编码读取，我们通常在文件开头写上这两行：
#!/usr/bin/env python3
# -*- coding: utf-8 -*-
第一行注释是为了告诉Linux/OS X系统，这是一个Python可执行程序，Windows系统会忽略这个注释；
第二行注释是为了告诉Python解释器，按照UTF-8编码读取源代码，否则，你在源代码中写的中文输出可能会有乱码。
申明了UTF-8编码并不意味着你的.py文件就是UTF-8编码的，必须并且要确保文本编辑器正在使用UTF-8 without BOM编码。

三、格式化
>>> 'Hello, %s' % 'world'
'Hello, world'
>>> 'Hi, %s, you have $%d.' % ('Michael', 1000000)
'Hi, Michael, you have $1000000.'
你可能猜到了，%运算符就是用来格式化字符串的。在字符串内部，%s表示用字符串替换，%d表示用整数替换，有几个%?占位符，后面就跟几个变量或者值，顺序要对应好。如果只有一个%?，括号可以省略。

常见的占位符有：
占位符	替换内容
%d	整数
%f	浮点数
%s	字符串
%x	十六进制整数

其中，格式化整数和浮点数还可以指定是否补0和整数与小数的位数：
print('%2d-%02d' % (3, 1))
print('%.2f' % 3.1415926)
3-01
3.14

如果你不太确定应该用什么，%s永远起作用，它会把任何数据类型转换为字符串：
>>> 'Age: %s. Gender: %s' % (25, True)
'Age: 25. Gender: True'

有些时候，字符串里面的%是一个普通字符怎么办？这个时候就需要转义，用%%来表示一个%：
>>> 'growth rate: %d %%' % 7
'growth rate: 7 %'

format()
另一种格式化字符串的方法是使用字符串的format()方法，它会用传入的参数依次替换字符串内的占位符{0}、{1}……，不过这种方式写起来比%要麻烦得多：
>>> 'Hello, {0}, 成绩提升了 {1:.1f}%'.format('小明', 17.125)
'Hello, 小明, 成绩提升了 17.1%'

数字格式化：
下表展示了 str.format() 格式化数字的多种方法：
>>> print("{:.2f}".format(3.1415926))
3.14
数字	格式	输出	描述
3.1415926	{:.2f}	3.14	保留小数点后两位
3.1415926	{:+.2f}	+3.14	带符号保留小数点后两位
-1	{:+.2f}	-1.00	带符号保留小数点后两位
2.71828	{:.0f}	3	不带小数
5	{:0>2d}	05	数字补零 (填充左边, 宽度为2)
5	{:x<4d}	5xxx	数字补x (填充右边, 宽度为4)
10	{:x<4d}	10xx	数字补x (填充右边, 宽度为4)
1000000	{:,}	1,000,000	以逗号分隔的数字格式
0.25	{:.2%}	25.00%	百分比格式
1000000000	{:.2e}	1.00e+09	指数记法
13	{:>10d}	        13	右对齐 (默认, 宽度为10)
13	{:<10d}	13	左对齐 (宽度为10)
13	{:^10d}	    13	中间对齐 (宽度为10)

^, <, > 分别是居中、左对齐、右对齐，后面带宽度， : 号后面带填充的字符，只能是一个字符，不指定则默认是用空格填充。
+ 表示在正数前显示 +，负数前显示 -；  （空格）表示在正数前加空格。
